0.48333333333333334
1
1
1
1
1
2
2
6
1
1
1
1
1
2
2
1
2
1
1
2
1
1
5
1
1
1
5
5
5
6
6
5
5
5
2
2
2
2
1
1
7
5
5
5
5
5
6
6
7
7
1
2
1
1
7
7
7
7
7
7
